../EXT_Library/nrf24_l01/src/DRV_NRF24L01.c:9:16:DRV_Nrf_ReadRegister	32	static
../EXT_Library/nrf24_l01/src/DRV_NRF24L01.c:25:13:DRV_Nrf_WriteRegister	24	static
../EXT_Library/nrf24_l01/src/DRV_NRF24L01.c:37:21:DRV_Nrf24l01Init	24	static
../EXT_Library/nrf24_l01/src/DRV_NRF24L01.c:106:6:DRV_Nrf24l01Deinit	16	static
../EXT_Library/nrf24_l01/src/DRV_NRF24L01.c:114:13:DRV_Nrf24L01ReadPayload	32	static
../EXT_Library/nrf24_l01/src/DRV_NRF24L01.c:133:13:DRV_Nrf24L01WritePayload	32	static
../EXT_Library/nrf24_l01/src/DRV_NRF24L01.c:151:8:DRV_Nrf24l01Receive	40	static
../EXT_Library/nrf24_l01/src/DRV_NRF24L01.c:210:21:DRV_Nrf24l01Transmit	32	static
../EXT_Library/nrf24_l01/src/DRV_NRF24L01.c:255:21:DRV_Nrf24l01SetChannel	16	static
../EXT_Library/nrf24_l01/src/DRV_NRF24L01.c:260:21:DRV_Nrf24l01SetDataRate	24	static
../EXT_Library/nrf24_l01/src/DRV_NRF24L01.c:281:21:DRV_Nrf24l01SetPALevel	24	static
../EXT_Library/nrf24_l01/src/DRV_NRF24L01.c:294:21:DRV_Nrf24l01OpenWritingPipe	24	static
../EXT_Library/nrf24_l01/src/DRV_NRF24L01.c:312:21:DRV_Nrf24l01OpenReadingPipe	32	static
