../EXT_Library/nrf24_l01/src/DRV_NRF24L01.c:21:21:DRV_Nrf24l01Init	24	static
../EXT_Library/nrf24_l01/src/DRV_NRF24L01.c:106:6:DRV_Nrf24l01Deinit	16	static
../EXT_Library/nrf24_l01/src/DRV_NRF24L01.c:116:9:DRV_Nrf24l01GetStatus	32	static
../EXT_Library/nrf24_l01/src/DRV_NRF24L01.c:131:9:DRV_Nrf24l01DataReceiveAvailable	32	static
../EXT_Library/nrf24_l01/src/DRV_NRF24L01.c:147:6:DRV_Nrf24l01ClearIRQ	16	static
../EXT_Library/nrf24_l01/src/DRV_NRF24L01.c:151:21:DRV_Nrf24l01SwitchMode	24	static
../EXT_Library/nrf24_l01/src/DRV_NRF24L01.c:180:6:DRV_Nrf24l01WritePayloadWithAck	32	static
../EXT_Library/nrf24_l01/src/DRV_NRF24L01.c:202:21:DRV_Nrf24l01Receive	40	static
../EXT_Library/nrf24_l01/src/DRV_NRF24L01.c:290:21:DRV_Nrf24l01Transmit	32	static
../EXT_Library/nrf24_l01/src/DRV_NRF24L01.c:344:21:DRV_Nrf24l01ReadPayloadWithAck	32	static
../EXT_Library/nrf24_l01/src/DRV_NRF24L01.c:391:21:DRV_Nrf24l01SetDataRate	24	static
../EXT_Library/nrf24_l01/src/DRV_NRF24L01.c:412:21:DRV_Nrf24l01SetPALevel	24	static
../EXT_Library/nrf24_l01/src/DRV_NRF24L01.c:426:21:DRV_Nrf24l01OpenWritingPipe	40	static
../EXT_Library/nrf24_l01/src/DRV_NRF24L01.c:466:21:DRV_Nrf24l01OpenReadingPipe	32	static
../EXT_Library/nrf24_l01/src/DRV_NRF24L01.c:509:16:DRV_Nrf_ReadRegister	32	static
../EXT_Library/nrf24_l01/src/DRV_NRF24L01.c:528:13:DRV_Nrf_WriteRegister	24	static
../EXT_Library/nrf24_l01/src/DRV_NRF24L01.c:544:13:DRV_Nrf24L01ReadPayload	32	static
../EXT_Library/nrf24_l01/src/DRV_NRF24L01.c:560:13:DRV_Nrf24L01WritePayload	32	static
