../Library/timer/HAL_Layer/HAL_Timer.c:15:13:HAL_Timer_ConfigChannel	48	static
../Library/timer/HAL_Layer/HAL_Timer.c:79:6:HAL_Timer_Init	24	static
../Library/timer/HAL_Layer/HAL_Timer.c:112:6:HAL_Timer_Setup	16	static
../Library/timer/HAL_Layer/HAL_Timer.c:116:6:HAL_Timer_Stop	16	static
../Library/timer/HAL_Layer/HAL_Timer.c:121:6:HAL_Timer_ChangePSC	16	static
../Library/timer/HAL_Layer/HAL_Timer.c:126:6:HAL_Timer_ChangeARR	16	static
../Library/timer/HAL_Layer/HAL_Timer.c:131:6:HAL_Timer_Set_CCR	16	static
../Library/timer/HAL_Layer/HAL_Timer.c:146:6:HAL_Timer_Set_Input_Edge	16	static
../Library/timer/HAL_Layer/HAL_Timer.c:154:6:HAL_Timer_Start	16	static
../Library/timer/HAL_Layer/HAL_Timer.c:164:6:HAL_Timer_Set_CallbackFunction	16	static
../Library/timer/HAL_Layer/HAL_Timer.c:196:6:HAL_Timer_ClearInterruptFlag	16	static
../Library/timer/HAL_Layer/HAL_Timer.c:205:10:HAL_Timer_GetInterruptFlag	24	static
../Library/timer/HAL_Layer/HAL_Timer.c:216:10:HAL_Timer_GetCapture_CompareRegister	24	static
../Library/timer/HAL_Layer/HAL_Timer.c:233:6:TIM1_BRK_IRQHandler	8	static
../Library/timer/HAL_Layer/HAL_Timer.c:245:6:TIM1_UP_IRQHandler	8	static
../Library/timer/HAL_Layer/HAL_Timer.c:257:6:TIM1_TRG_COM_IRQHandler	8	static
../Library/timer/HAL_Layer/HAL_Timer.c:274:29:HAL_Timer_GetInterruptSource	32	static
../Library/timer/HAL_Layer/HAL_Timer.c:314:6:TIM1_CC_IRQHandler	8	static
../Library/timer/HAL_Layer/HAL_Timer.c:326:6:TIM2_IRQHandler	8	static
../Library/timer/HAL_Layer/HAL_Timer.c:337:6:TIM3_IRQHandler	8	static
../Library/timer/HAL_Layer/HAL_Timer.c:349:6:TIM4_IRQHandler	8	static
