../Library/timer/HAL_Layer/HAL_Timer.c:15:13:HAL_Timer_ConfigChannel	48	static
../Library/timer/HAL_Layer/HAL_Timer.c:77:6:HAL_Timer_Init	24	static
../Library/timer/HAL_Layer/HAL_Timer.c:110:6:HAL_Timer_Setup	16	static
../Library/timer/HAL_Layer/HAL_Timer.c:119:6:HAL_Timer_Start	16	static
../Library/timer/HAL_Layer/HAL_Timer.c:128:6:HAL_Timer_Set_CallbackFunction	16	static
../Library/timer/HAL_Layer/HAL_Timer.c:144:6:HAL_Timer_ClearInterruptFlag	16	static
../Library/timer/HAL_Layer/HAL_Timer.c:150:6:HAL_Timer_GetInterruptFlag	16	static
../Library/timer/HAL_Layer/HAL_Timer.c:156:6:HAL_Timer_GetCapture_CompareRegister	16	static
../Library/timer/HAL_Layer/HAL_Timer.c:161:6:TIM1_BRK_IRQHandler	8	static
../Library/timer/HAL_Layer/HAL_Timer.c:173:6:TIM1_UP_IRQHandler	8	static
../Library/timer/HAL_Layer/HAL_Timer.c:185:6:TIM1_TRG_COM_IRQHandler	8	static
../Library/timer/HAL_Layer/HAL_Timer.c:203:6:TIM1_CC_IRQHandler	8	static
../Library/timer/HAL_Layer/HAL_Timer.c:215:6:TIM2_IRQHandler	8	static
../Library/timer/HAL_Layer/HAL_Timer.c:227:6:TIM3_IRQHandler	8	static
../Library/timer/HAL_Layer/HAL_Timer.c:239:6:TIM4_IRQHandler	8	static
